26 1 2 3 27 4 5 6 28 7 8 9 29 10 11 12 30 13 14 15 31 16 17 18 32 19 20 21 33 22 23 24 34 25 35 36 37 37 37 37 37 37 37 37 37 37 37 37 37 37