47 2 27 4 1 14 41 24 35 13 36 8 33 11 50 23 44 3 31 25 32 19 46 26 28 6 43 17 39 15 49 21 40 12 38 18 37 20 48 9 34 5 29 22 30 7 42 10 45 16