50 36 43 23 22 35 5 12 44 33 1 6 2 37 46 39 49 3 25 15 17 13 31 8 4 32 7 42 20 30 38 21 29 11 19 9 27 41 40 47 45 48 14 24 10 34 16 28 18 26