37 36 3 44 18 9 45 1 6 27 11 20 17 4 24 12 22 31 35 26 29 46 30 25 2 39 33 8 13 16 15 40 32 21 42 19 47 49 23 41 38 48 43 28 10 50 34 5 7 14